Archive member included to satisfy reference by file (symbol)

/home/jessica/.pebble-sdk/SDKs/current/sdk-core/pebble/basalt/lib/libpebble.a(tmpFRPTsFpebble.o)
                              src/c/customAnalogInC.c.17.o (app_event_loop)
/home/jessica/.pebble-sdk/SDKs/4.9.148/toolchain/arm-none-eabi/bin/../lib/gcc/arm-none-eabi/14.2.1/thumb/v7-m/nofp/libgcc.a(_arm_mulsf3.o)
                              src/c/customAnalogInC.c.17.o (__aeabi_fmul)
/home/jessica/.pebble-sdk/SDKs/4.9.148/toolchain/arm-none-eabi/bin/../lib/gcc/arm-none-eabi/14.2.1/thumb/v7-m/nofp/libgcc.a(_arm_addsubsf3.o)
                              src/c/customAnalogInC.c.17.o (__aeabi_i2f)
/home/jessica/.pebble-sdk/SDKs/4.9.148/toolchain/arm-none-eabi/bin/../lib/gcc/arm-none-eabi/14.2.1/thumb/v7-m/nofp/libgcc.a(_arm_muldivsf3.o)
                              src/c/customAnalogInC.c.17.o (__aeabi_fdiv)
/home/jessica/.pebble-sdk/SDKs/4.9.148/toolchain/arm-none-eabi/bin/../lib/gcc/arm-none-eabi/14.2.1/thumb/v7-m/nofp/libgcc.a(_arm_fixsfsi.o)
                              src/c/customAnalogInC.c.17.o (__aeabi_f2iz)
/home/jessica/.pebble-sdk/SDKs/4.9.148/toolchain/arm-none-eabi/bin/../lib/gcc/arm-none-eabi/14.2.1/../../../../arm-none-eabi/lib/thumb/v7-m/nofp/libc.a(libc_a-atexit.o)
                              /home/jessica/.pebble-sdk/SDKs/4.9.148/toolchain/arm-none-eabi/bin/../lib/gcc/arm-none-eabi/14.2.1/../../../../arm-none-eabi/lib/thumb/v7-m/nofp/crt0.o (atexit)
/home/jessica/.pebble-sdk/SDKs/4.9.148/toolchain/arm-none-eabi/bin/../lib/gcc/arm-none-eabi/14.2.1/../../../../arm-none-eabi/lib/thumb/v7-m/nofp/libc.a(libc_a-exit.o)
                              /home/jessica/.pebble-sdk/SDKs/4.9.148/toolchain/arm-none-eabi/bin/../lib/gcc/arm-none-eabi/14.2.1/../../../../arm-none-eabi/lib/thumb/v7-m/nofp/crt0.o (exit)
/home/jessica/.pebble-sdk/SDKs/4.9.148/toolchain/arm-none-eabi/bin/../lib/gcc/arm-none-eabi/14.2.1/../../../../arm-none-eabi/lib/thumb/v7-m/nofp/libc.a(libc_a-findfp.o)
                              /home/jessica/.pebble-sdk/SDKs/4.9.148/toolchain/arm-none-eabi/bin/../lib/gcc/arm-none-eabi/14.2.1/../../../../arm-none-eabi/lib/thumb/v7-m/nofp/libc.a(libc_a-exit.o) (__stdio_exit_handler)
/home/jessica/.pebble-sdk/SDKs/4.9.148/toolchain/arm-none-eabi/bin/../lib/gcc/arm-none-eabi/14.2.1/../../../../arm-none-eabi/lib/thumb/v7-m/nofp/libc.a(libc_a-fwalk.o)
                              /home/jessica/.pebble-sdk/SDKs/4.9.148/toolchain/arm-none-eabi/bin/../lib/gcc/arm-none-eabi/14.2.1/../../../../arm-none-eabi/lib/thumb/v7-m/nofp/libc.a(libc_a-findfp.o) (_fwalk_sglue)
/home/jessica/.pebble-sdk/SDKs/4.9.148/toolchain/arm-none-eabi/bin/../lib/gcc/arm-none-eabi/14.2.1/../../../../arm-none-eabi/lib/thumb/v7-m/nofp/libc.a(libc_a-stdio.o)
                              /home/jessica/.pebble-sdk/SDKs/4.9.148/toolchain/arm-none-eabi/bin/../lib/gcc/arm-none-eabi/14.2.1/../../../../arm-none-eabi/lib/thumb/v7-m/nofp/libc.a(libc_a-findfp.o) (__sread)
/home/jessica/.pebble-sdk/SDKs/4.9.148/toolchain/arm-none-eabi/bin/../lib/gcc/arm-none-eabi/14.2.1/../../../../arm-none-eabi/lib/thumb/v7-m/nofp/libc.a(libc_a-closer.o)
                              /home/jessica/.pebble-sdk/SDKs/4.9.148/toolchain/arm-none-eabi/bin/../lib/gcc/arm-none-eabi/14.2.1/../../../../arm-none-eabi/lib/thumb/v7-m/nofp/libc.a(libc_a-stdio.o) (_close_r)
/home/jessica/.pebble-sdk/SDKs/4.9.148/toolchain/arm-none-eabi/bin/../lib/gcc/arm-none-eabi/14.2.1/../../../../arm-none-eabi/lib/thumb/v7-m/nofp/libc.a(libc_a-reent.o)
                              /home/jessica/.pebble-sdk/SDKs/4.9.148/toolchain/arm-none-eabi/bin/../lib/gcc/arm-none-eabi/14.2.1/../../../../arm-none-eabi/lib/thumb/v7-m/nofp/libc.a(libc_a-closer.o) (errno)
/home/jessica/.pebble-sdk/SDKs/4.9.148/toolchain/arm-none-eabi/bin/../lib/gcc/arm-none-eabi/14.2.1/../../../../arm-none-eabi/lib/thumb/v7-m/nofp/libc.a(libc_a-impure.o)
                              /home/jessica/.pebble-sdk/SDKs/4.9.148/toolchain/arm-none-eabi/bin/../lib/gcc/arm-none-eabi/14.2.1/../../../../arm-none-eabi/lib/thumb/v7-m/nofp/libc.a(libc_a-reent.o) (_impure_ptr)
/home/jessica/.pebble-sdk/SDKs/4.9.148/toolchain/arm-none-eabi/bin/../lib/gcc/arm-none-eabi/14.2.1/../../../../arm-none-eabi/lib/thumb/v7-m/nofp/libc.a(libc_a-lseekr.o)
                              /home/jessica/.pebble-sdk/SDKs/4.9.148/toolchain/arm-none-eabi/bin/../lib/gcc/arm-none-eabi/14.2.1/../../../../arm-none-eabi/lib/thumb/v7-m/nofp/libc.a(libc_a-stdio.o) (_lseek_r)
/home/jessica/.pebble-sdk/SDKs/4.9.148/toolchain/arm-none-eabi/bin/../lib/gcc/arm-none-eabi/14.2.1/../../../../arm-none-eabi/lib/thumb/v7-m/nofp/libc.a(libc_a-readr.o)
                              /home/jessica/.pebble-sdk/SDKs/4.9.148/toolchain/arm-none-eabi/bin/../lib/gcc/arm-none-eabi/14.2.1/../../../../arm-none-eabi/lib/thumb/v7-m/nofp/libc.a(libc_a-stdio.o) (_read_r)
[...]
Memory Configuration

Name             Origin             Length             Attributes
APP              0x00000000         0x00010000         xrw
*default*        0x00000000         0xffffffff

Linker script and memory map

LOAD /home/jessica/.pebble-sdk/SDKs/4.9.148/toolchain/arm-none-eabi/bin/../lib/gcc/arm-none-eabi/14.2.1/thumb/v7-m/nofp/crti.o
LOAD /home/jessica/.pebble-sdk/SDKs/4.9.148/toolchain/arm-none-eabi/bin/../lib/gcc/arm-none-eabi/14.2.1/thumb/v7-m/nofp/crtbegin.o
LOAD /home/jessica/.pebble-sdk/SDKs/4.9.148/toolchain/arm-none-eabi/bin/../lib/gcc/arm-none-eabi/14.2.1/../../../../arm-none-eabi/lib/thumb/v7-m/nofp/crt0.o
LOAD src/c/customAnalogInC.c.17.o
LOAD basalt/appinfo.auto.c.17.o
LOAD basalt/src/resource_ids.auto.c.17.o
LOAD src/message_keys.auto.c.17.o
LOAD /home/jessica/.pebble-sdk/SDKs/current/sdk-core/pebble/basalt/lib/libpebble.a
START GROUP
LOAD /home/jessica/.pebble-sdk/SDKs/4.9.148/toolchain/arm-none-eabi/bin/../lib/gcc/arm-none-eabi/14.2.1/thumb/v7-m/nofp/libgcc.a
LOAD /home/jessica/.pebble-sdk/SDKs/4.9.148/toolchain/arm-none-eabi/bin/../lib/gcc/arm-none-eabi/14.2.1/../../../../arm-none-eabi/lib/thumb/v7-m/nofp/libc.a
END GROUP
LOAD /home/jessica/.pebble-sdk/SDKs/4.9.148/toolchain/arm-none-eabi/bin/../lib/gcc/arm-none-eabi/14.2.1/thumb/v7-m/nofp/crtend.o
LOAD /home/jessica/.pebble-sdk/SDKs/4.9.148/toolchain/arm-none-eabi/bin/../lib/gcc/arm-none-eabi/14.2.1/thumb/v7-m/nofp/crtn.o

.header         0x00000000       0x82
 *(.pbl_header)
 .pbl_header    0x00000000       0x82 basalt/appinfo.auto.c.17.o
                0x00000000                __pbl_app_info

.note.gnu.build-id
                0x00000082       0x26
                [!provide]                        PROVIDE (BUILD_ID = .)
 *(.note.gnu.build-id)
 *fill*         0x00000082        0x2 
 .note.gnu.build-id
                0x00000084       0x24 linker stubs

.text           0x000000a8      0xf66
 *(.text)
 .text          0x000000a8       0x14 /home/jessica/.pebble-sdk/SDKs/current/sdk-core/pebble/basalt/lib/libpebble.a(tmpFRPTsFpebble.o)
 .text          0x000000bc      0x21c /home/jessica/.pebble-sdk/SDKs/4.9.148/toolchain/arm-none-eabi/bin/../lib/gcc/arm-none-eabi/14.2.1/thumb/v7-m/nofp/libgcc.a(_arm_addsubsf3.o)
                0x000000bc                __aeabi_frsub
                0x000000c4                __subsf3
                0x000000c4                __aeabi_fsub
                0x000000c8                __aeabi_fadd
                0x000000c8                __addsf3
                0x00000228                __aeabi_ui2f
                0x00000228                __floatunsisf
                0x00000230                __aeabi_i2f
                0x00000230                __floatsisf
                0x0000024c                __floatundisf
                0x0000024c                __aeabi_ul2f
                0x0000025c                __floatdisf
                0x0000025c                __aeabi_l2f
 .text          0x000002d8      0x2a0 /home/jessica/.pebble-sdk/SDKs/4.9.148/toolchain/arm-none-eabi/bin/../lib/gcc/arm-none-eabi/14.2.1/thumb/v7-m/nofp/libgcc.a(_arm_muldivsf3.o)
                0x000002d8                __mulsf3
                0x000002d8                __aeabi_fmul
                0x00000440                __divsf3
                0x00000440                __aeabi_fdiv
 .text          0x00000578       0x4c /home/jessica/.pebble-sdk/SDKs/4.9.148/toolchain/arm-none-eabi/bin/../lib/gcc/arm-none-eabi/14.2.1/thumb/v7-m/nofp/libgcc.a(_arm_fixsfsi.o)
                0x00000578                __fixsfsi
                0x00000578                __aeabi_f2iz
 *(.text.*)
 .text.handle_second_tick
                0x000005c4       0x18 src/c/customAnalogInC.c.17.o
 .text.battery_callback
                0x000005dc       0x20 src/c/customAnalogInC.c.17.o
 .text.window_unload
                0x000005fc       0x5c src/c/customAnalogInC.c.17.o
 .text.window_load
                0x00000658      0x230 src/c/customAnalogInC.c.17.o
 .text.battery_update_proc
                0x00000888       0x70 src/c/customAnalogInC.c.17.o
 .text.hands_update_proc
                0x000008f8      0x108 src/c/customAnalogInC.c.17.o
 .text.date_update_proc
                0x00000a00       0x6c src/c/customAnalogInC.c.17.o
 .text.bg_update_proc
                0x00000a6c       0x98 src/c/customAnalogInC.c.17.o
 .text.scale_gpath_info
                0x00000b04       0x80 src/c/customAnalogInC.c.17.o
 .text.startup.main
                0x00000b84      0x21c src/c/customAnalogInC.c.17.o
                0x00000b84                main
 .text.app_event_loop
                0x00000da0        0xc /home/jessica/.pebble-sdk/SDKs/current/sdk-core/pebble/basalt/lib/libpebble.a(tmpFRPTsFpebble.o)
                0x00000da0                app_event_loop
 .text.app_log  0x00000dac        0xc /home/jessica/.pebble-sdk/SDKs/current/sdk-core/pebble/basalt/lib/libpebble.a(tmpFRPTsFpebble.o)
                0x00000dac                app_log
 .text.battery_state_service_peek
                0x00000db8        0xc /home/jessica/.pebble-sdk/SDKs/current/sdk-core/pebble/basalt/lib/libpebble.a(tmpFRPTsFpebble.o)
                0x00000db8                battery_state_service_peek
 .text.battery_state_service_subscribe
                0x00000dc4        0xc /home/jessica/.pebble-sdk/SDKs/current/sdk-core/pebble/basalt/lib/libpebble.a(tmpFRPTsFpebble.o)
                0x00000dc4                battery_state_service_subscribe
 .text.cos_lookup
                0x00000dd0        0xc /home/jessica/.pebble-sdk/SDKs/current/sdk-core/pebble/basalt/lib/libpebble.a(tmpFRPTsFpebble.o)
                0x00000dd0                cos_lookup
 .text.fonts_get_system_font
                0x00000ddc        0xc /home/jessica/.pebble-sdk/SDKs/current/sdk-core/pebble/basalt/lib/libpebble.a(tmpFRPTsFpebble.o)
                0x00000ddc                fonts_get_system_font
 .text.free     0x00000de8        0xc /home/jessica/.pebble-sdk/SDKs/current/sdk-core/pebble/basalt/lib/libpebble.a(tmpFRPTsFpebble.o)
                0x00000de8                free
 .text.gpath_create
                0x00000df4        0xc /home/jessica/.pebble-sdk/SDKs/current/sdk-core/pebble/basalt/lib/libpebble.a(tmpFRPTsFpebble.o)
                0x00000df4                gpath_create
 .text.gpath_destroy
                0x00000e00        0xc /home/jessica/.pebble-sdk/SDKs/current/sdk-core/pebble/basalt/lib/libpebble.a(tmpFRPTsFpebble.o)
                0x00000e00                gpath_destroy
 .text.gpath_draw_outline
                0x00000e0c        0xc /home/jessica/.pebble-sdk/SDKs/current/sdk-core/pebble/basalt/lib/libpebble.a(tmpFRPTsFpebble.o)
                0x00000e0c                gpath_draw_outline
 .text.gpath_move_to
                0x00000e18        0xc /home/jessica/.pebble-sdk/SDKs/current/sdk-core/pebble/basalt/lib/libpebble.a(tmpFRPTsFpebble.o)
                0x00000e18                gpath_move_to
 .text.gpath_rotate_to
                0x00000e24        0xc /home/jessica/.pebble-sdk/SDKs/current/sdk-core/pebble/basalt/lib/libpebble.a(tmpFRPTsFpebble.o)
                0x00000e24                gpath_rotate_to
 .text.graphics_draw_line
                0x00000e30        0xc /home/jessica/.pebble-sdk/SDKs/current/sdk-core/pebble/basalt/lib/libpebble.a(tmpFRPTsFpebble.o)
                0x00000e30                graphics_draw_line
 .text.graphics_fill_circle
                0x00000e3c        0xc /home/jessica/.pebble-sdk/SDKs/current/sdk-core/pebble/basalt/lib/libpebble.a(tmpFRPTsFpebble.o)
                0x00000e3c                graphics_fill_circle
 .text.graphics_fill_rect
                0x00000e48        0xc /home/jessica/.pebble-sdk/SDKs/current/sdk-core/pebble/basalt/lib/libpebble.a(tmpFRPTsFpebble.o)
                0x00000e48                graphics_fill_rect
 .text.grect_center_point
                0x00000e54        0xc /home/jessica/.pebble-sdk/SDKs/current/sdk-core/pebble/basalt/lib/libpebble.a(tmpFRPTsFpebble.o)
                0x00000e54                grect_center_point
 .text.layer_add_child
                0x00000e60        0xc /home/jessica/.pebble-sdk/SDKs/current/sdk-core/pebble/basalt/lib/libpebble.a(tmpFRPTsFpebble.o)
                0x00000e60                layer_add_child
 .text.layer_create
                0x00000e6c        0xc /home/jessica/.pebble-sdk/SDKs/current/sdk-core/pebble/basalt/lib/libpebble.a(tmpFRPTsFpebble.o)
                0x00000e6c                layer_create
 .text.layer_destroy
                0x00000e78        0xc /home/jessica/.pebble-sdk/SDKs/current/sdk-core/pebble/basalt/lib/libpebble.a(tmpFRPTsFpebble.o)
                0x00000e78                layer_destroy
 .text.layer_get_bounds
                0x00000e84        0xc /home/jessica/.pebble-sdk/SDKs/current/sdk-core/pebble/basalt/lib/libpebble.a(tmpFRPTsFpebble.o)
                0x00000e84                layer_get_bounds
 .text.layer_mark_dirty
                0x00000e90        0xc /home/jessica/.pebble-sdk/SDKs/current/sdk-core/pebble/basalt/lib/libpebble.a(tmpFRPTsFpebble.o)
                0x00000e90                layer_mark_dirty
 .text.layer_set_update_proc
                0x00000e9c        0xc /home/jessica/.pebble-sdk/SDKs/current/sdk-core/pebble/basalt/lib/libpebble.a(tmpFRPTsFpebble.o)
                0x00000e9c                layer_set_update_proc
 .text.malloc   0x00000ea8        0xc /home/jessica/.pebble-sdk/SDKs/current/sdk-core/pebble/basalt/lib/libpebble.a(tmpFRPTsFpebble.o)
                0x00000ea8                malloc
 .text.sin_lookup
                0x00000eb4        0xc /home/jessica/.pebble-sdk/SDKs/current/sdk-core/pebble/basalt/lib/libpebble.a(tmpFRPTsFpebble.o)
                0x00000eb4                sin_lookup
 .text.strftime
                0x00000ec0        0xc /home/jessica/.pebble-sdk/SDKs/current/sdk-core/pebble/basalt/lib/libpebble.a(tmpFRPTsFpebble.o)
                0x00000ec0                strftime
 .text.tick_timer_service_subscribe
                0x00000ecc        0xc /home/jessica/.pebble-sdk/SDKs/current/sdk-core/pebble/basalt/lib/libpebble.a(tmpFRPTsFpebble.o)
                0x00000ecc                tick_timer_service_subscribe
 .text.tick_timer_service_unsubscribe
                0x00000ed8        0xc /home/jessica/.pebble-sdk/SDKs/current/sdk-core/pebble/basalt/lib/libpebble.a(tmpFRPTsFpebble.o)
                0x00000ed8                tick_timer_service_unsubscribe
 .text.window_create
                0x00000ee4        0xc /home/jessica/.pebble-sdk/SDKs/current/sdk-core/pebble/basalt/lib/libpebble.a(tmpFRPTsFpebble.o)
                0x00000ee4                window_create
 .text.window_destroy
                0x00000ef0        0xc /home/jessica/.pebble-sdk/SDKs/current/sdk-core/pebble/basalt/lib/libpebble.a(tmpFRPTsFpebble.o)
                0x00000ef0                window_destroy
 .text.window_get_root_layer
                0x00000efc        0xc /home/jessica/.pebble-sdk/SDKs/current/sdk-core/pebble/basalt/lib/libpebble.a(tmpFRPTsFpebble.o)
                0x00000efc                window_get_root_layer
 .text.window_set_window_handlers
                0x00000f08        0xc /home/jessica/.pebble-sdk/SDKs/current/sdk-core/pebble/basalt/lib/libpebble.a(tmpFRPTsFpebble.o)
                0x00000f08                window_set_window_handlers
 .text.window_stack_push
                0x00000f14        0xc /home/jessica/.pebble-sdk/SDKs/current/sdk-core/pebble/basalt/lib/libpebble.a(tmpFRPTsFpebble.o)
                0x00000f14                window_stack_push
 .text.gpath_draw_filled
                0x00000f20        0xc /home/jessica/.pebble-sdk/SDKs/current/sdk-core/pebble/basalt/lib/libpebble.a(tmpFRPTsFpebble.o)
                0x00000f20                gpath_draw_filled
 .text.graphics_context_set_fill_color
                0x00000f2c        0xc /home/jessica/.pebble-sdk/SDKs/current/sdk-core/pebble/basalt/lib/libpebble.a(tmpFRPTsFpebble.o)
                0x00000f2c                graphics_context_set_fill_color
 .text.graphics_context_set_stroke_color
                0x00000f38        0xc /home/jessica/.pebble-sdk/SDKs/current/sdk-core/pebble/basalt/lib/libpebble.a(tmpFRPTsFpebble.o)
                0x00000f38                graphics_context_set_stroke_color
 .text.localtime
                0x00000f44        0xc /home/jessica/.pebble-sdk/SDKs/current/sdk-core/pebble/basalt/lib/libpebble.a(tmpFRPTsFpebble.o)
                0x00000f44                localtime
 .text.graphics_context_set_stroke_width
                0x00000f50        0xc /home/jessica/.pebble-sdk/SDKs/current/sdk-core/pebble/basalt/lib/libpebble.a(tmpFRPTsFpebble.o)
                0x00000f50                graphics_context_set_stroke_width
 .text.text_layer_create
                0x00000f5c        0xc /home/jessica/.pebble-sdk/SDKs/current/sdk-core/pebble/basalt/lib/libpebble.a(tmpFRPTsFpebble.o)
                0x00000f5c                text_layer_create
 .text.text_layer_destroy
                0x00000f68        0xc /home/jessica/.pebble-sdk/SDKs/current/sdk-core/pebble/basalt/lib/libpebble.a(tmpFRPTsFpebble.o)
                0x00000f68                text_layer_destroy
 .text.text_layer_get_layer
                0x00000f74        0xc /home/jessica/.pebble-sdk/SDKs/current/sdk-core/pebble/basalt/lib/libpebble.a(tmpFRPTsFpebble.o)
                0x00000f74                text_layer_get_layer
 .text.text_layer_set_background_color
                0x00000f80        0xc /home/jessica/.pebble-sdk/SDKs/current/sdk-core/pebble/basalt/lib/libpebble.a(tmpFRPTsFpebble.o)
                0x00000f80                text_layer_set_background_color
 .text.text_layer_set_font
                0x00000f8c        0xc /home/jessica/.pebble-sdk/SDKs/current/sdk-core/pebble/basalt/lib/libpebble.a(tmpFRPTsFpebble.o)
                0x00000f8c                text_layer_set_font
 .text.text_layer_set_text
                0x00000f98        0xc /home/jessica/.pebble-sdk/SDKs/current/sdk-core/pebble/basalt/lib/libpebble.a(tmpFRPTsFpebble.o)
                0x00000f98                text_layer_set_text
 .text.text_layer_set_text_color
                0x00000fa4        0xc /home/jessica/.pebble-sdk/SDKs/current/sdk-core/pebble/basalt/lib/libpebble.a(tmpFRPTsFpebble.o)
                0x00000fa4                text_layer_set_text_color
 .text.time     0x00000fb0        0xc /home/jessica/.pebble-sdk/SDKs/current/sdk-core/pebble/basalt/lib/libpebble.a(tmpFRPTsFpebble.o)
                0x00000fb0                time
 *(.rodata)
 *(.rodata*)
 .rodata.window_load.str1.1
                0x00000fbc       0x52 src/c/customAnalogInC.c.17.o
                                 0x31 (size before relaxing)
 .rodata.battery_update_proc.str1.1
                0x0000100e       0x1e src/c/customAnalogInC.c.17.o
 .rodata.date_update_proc.str1.1
                0x0000100e        0x6 src/c/customAnalogInC.c.17.o

.glue_7         0x00001010        0x0
 .glue_7        0x00001010        0x0 linker stubs

.glue_7t        0x00001010        0x0
 .glue_7t       0x00001010        0x0 linker stubs

.vfp11_veneer   0x00001010        0x0
 .vfp11_veneer  0x00001010        0x0 linker stubs

.v4_bx          0x00001010        0x0
 .v4_bx         0x00001010        0x0 linker stubs

.init           0x00001010        0x4
 .init          0x00001010        0x4 /home/jessica/.pebble-sdk/SDKs/4.9.148/toolchain/arm-none-eabi/bin/../lib/gcc/arm-none-eabi/14.2.1/thumb/v7-m/nofp/crti.o
                0x00001010                _init

.fini           0x00001014        0x4
 .fini          0x00001014        0x4 /home/jessica/.pebble-sdk/SDKs/4.9.148/toolchain/arm-none-eabi/bin/../lib/gcc/arm-none-eabi/14.2.1/thumb/v7-m/nofp/crti.o
                0x00001014                _fini

.iplt           0x00001018        0x0
 .iplt          0x00001018        0x0 src/c/customAnalogInC.c.17.o

.rel.dyn        0x00001018        0x0
 .rel.iplt      0x00001018        0x0 src/c/customAnalogInC.c.17.o

.data           0x00001018      0x148
 *(.data)
 .data          0x00001018        0x0 /home/jessica/.pebble-sdk/SDKs/4.9.148/toolchain/arm-none-eabi/bin/../lib/gcc/arm-none-eabi/14.2.1/thumb/v7-m/nofp/crti.o
 .data          0x00001018        0x0 /home/jessica/.pebble-sdk/SDKs/4.9.148/toolchain/arm-none-eabi/bin/../lib/gcc/arm-none-eabi/14.2.1/thumb/v7-m/nofp/crtbegin.o
 .data          0x00001018        0x0 /home/jessica/.pebble-sdk/SDKs/4.9.148/toolchain/arm-none-eabi/bin/../lib/gcc/arm-none-eabi/14.2.1/../../../../arm-none-eabi/lib/thumb/v7-m/nofp/crt0.o
 .data          0x00001018        0x0 src/c/customAnalogInC.c.17.o
 .data          0x00001018        0x0 basalt/appinfo.auto.c.17.o
 .data          0x00001018        0x0 basalt/src/resource_ids.auto.c.17.o
 .data          0x00001018        0x0 src/message_keys.auto.c.17.o
 .data          0x00001018        0x0 /home/jessica/.pebble-sdk/SDKs/current/sdk-core/pebble/basalt/lib/libpebble.a(tmpFRPTsFpebble.o)
 .data          0x00001018        0x0 /home/jessica/.pebble-sdk/SDKs/4.9.148/toolchain/arm-none-eabi/bin/../lib/gcc/arm-none-eabi/14.2.1/thumb/v7-m/nofp/libgcc.a(_arm_mulsf3.o)
 .data          0x00001018        0x0 /home/jessica/.pebble-sdk/SDKs/4.9.148/toolchain/arm-none-eabi/bin/../lib/gcc/arm-none-eabi/14.2.1/thumb/v7-m/nofp/libgcc.a(_arm_addsubsf3.o)
 .data          0x00001018        0x0 /home/jessica/.pebble-sdk/SDKs/4.9.148/toolchain/arm-none-eabi/bin/../lib/gcc/arm-none-eabi/14.2.1/thumb/v7-m/nofp/libgcc.a(_arm_muldivsf3.o)
 .data          0x00001018        0x0 /home/jessica/.pebble-sdk/SDKs/4.9.148/toolchain/arm-none-eabi/bin/../lib/gcc/arm-none-eabi/14.2.1/thumb/v7-m/nofp/libgcc.a(_arm_fixsfsi.o)
 .data          0x00001018        0x0 /home/jessica/.pebble-sdk/SDKs/4.9.148/toolchain/arm-none-eabi/bin/../lib/gcc/arm-none-eabi/14.2.1/../../../../arm-none-eabi/lib/thumb/v7-m/nofp/libc.a(libc_a-atexit.o)
 .data          0x00001018        0x0 /home/jessica/.pebble-sdk/SDKs/4.9.148/toolchain/arm-none-eabi/bin/../lib/gcc/arm-none-eabi/14.2.1/../../../../arm-none-eabi/lib/thumb/v7-m/nofp/libc.a(libc_a-exit.o)
 .data          0x00001018        0x0 /home/jessica/.pebble-sdk/SDKs/4.9.148/toolchain/arm-none-eabi/bin/../lib/gcc/arm-none-eabi/14.2.1/../../../../arm-none-eabi/lib/thumb/v7-m/nofp/libc.a(libc_a-findfp.o)
 .data          0x00001018        0x0 /home/jessica/.pebble-sdk/SDKs/4.9.148/toolchain/arm-none-eabi/bin/../lib/gcc/arm-none-eabi/14.2.1/../../../../arm-none-eabi/lib/thumb/v7-m/nofp/libc.a(libc_a-fwalk.o)
 .data          0x00001018        0x0 /home/jessica/.pebble-sdk/SDKs/4.9.148/toolchain/arm-none-eabi/bin/../lib/gcc/arm-none-eabi/14.2.1/../../../../arm-none-eabi/lib/thumb/v7-m/nofp/libc.a(libc_a-stdio.o)
 .data          0x00001018        0x0 /home/jessica/.pebble-sdk/SDKs/4.9.148/toolchain/arm-none-eabi/bin/../lib/gcc/arm-none-eabi/14.2.1/../../../../arm-none-eabi/lib/thumb/v7-m/nofp/libc.a(libc_a-closer.o)
 .data          0x00001018        0x0 /home/jessica/.pebble-sdk/SDKs/4.9.148/toolchain/arm-none-eabi/bin/../lib/gcc/arm-none-eabi/14.2.1/../../../../arm-none-eabi/lib/thumb/v7-m/nofp/libc.a(libc_a-reent.o)
 .data          0x00001018        0x0 /home/jessica/.pebble-sdk/SDKs/4.9.148/toolchain/arm-none-eabi/bin/../lib/gcc/arm-none-eabi/14.2.1/../../../../arm-none-eabi/lib/thumb/v7-m/nofp/libc.a(libc_a-impure.o)
 .data          0x00001018        0x0 /home/jessica/.pebble-sdk/SDKs/4.9.148/toolchain/arm-none-eabi/bin/../lib/gcc/arm-none-eabi/14.2.1/../../../../arm-none-eabi/lib/thumb/v7-m/nofp/libc.a(libc_a-lseekr.o)
 .data          0x00001018        0x0 /home/jessica/.pebble-sdk/SDKs/4.9.148/toolchain/arm-none-eabi/bin/../lib/gcc/arm-none-eabi/14.2.1/../../../../arm-none-eabi/lib/thumb/v7-m/nofp/libc.a(libc_a-readr.o)
 .data          0x00001018        0x0 /home/jessica/.pebble-sdk/SDKs/4.9.148/toolchain/arm-none-eabi/bin/../lib/gcc/arm-none-eabi/14.2.1/../../../../arm-none-eabi/lib/thumb/v7-m/nofp/libc.a(libc_a-writer.o)
 .data          0x00001018        0x0 /home/jessica/.pebble-sdk/SDKs/4.9.148/toolchain/arm-none-eabi/bin/../lib/gcc/arm-none-eabi/14.2.1/../../../../arm-none-eabi/lib/thumb/v7-m/nofp/libc.a(libc_a-init.o)
 .data          0x00001018        0x0 /home/jessica/.pebble-sdk/SDKs/4.9.148/toolchain/arm-none-eabi/bin/../lib/gcc/arm-none-eabi/14.2.1/../../../../arm-none-eabi/lib/thumb/v7-m/nofp/libc.a(libc_a-fini.o)
 .data          0x00001018        0x0 /home/jessica/.pebble-sdk/SDKs/4.9.148/toolchain/arm-none-eabi/bin/../lib/gcc/arm-none-eabi/14.2.1/../../../../arm-none-eabi/lib/thumb/v7-m/nofp/libc.a(libc_a-lock.o)
 .data          0x00001018        0x0 /home/jessica/.pebble-sdk/SDKs/4.9.148/toolchain/arm-none-eabi/bin/../lib/gcc/arm-none-eabi/14.2.1/../../../../arm-none-eabi/lib/thumb/v7-m/nofp/libc.a(libc_a-__atexit.o)
 .data          0x00001018        0x0 /home/jessica/.pebble-sdk/SDKs/4.9.148/toolchain/arm-none-eabi/bin/../lib/gcc/arm-none-eabi/14.2.1/../../../../arm-none-eabi/lib/thumb/v7-m/nofp/libc.a(libc_a-__call_atexit.o)
 .data          0x00001018        0x0 /home/jessica/.pebble-sdk/SDKs/4.9.148/toolchain/arm-none-eabi/bin/../lib/gcc/arm-none-eabi/14.2.1/../../../../arm-none-eabi/lib/thumb/v7-m/nofp/libc.a(libc_a-freer.o)
 .data          0x00001018        0x0 /home/jessica/.pebble-sdk/SDKs/4.9.148/toolchain/arm-none-eabi/bin/../lib/gcc/arm-none-eabi/14.2.1/../../../../arm-none-eabi/lib/thumb/v7-m/nofp/libc.a(libc_a-mallocr.o)
 .data          0x00001018        0x0 /home/jessica/.pebble-sdk/SDKs/4.9.148/toolchain/arm-none-eabi/bin/../lib/gcc/arm-none-eabi/14.2.1/../../../../arm-none-eabi/lib/thumb/v7-m/nofp/libc.a(libc_a-mlock.o)
 .data          0x00001018        0x0 /home/jessica/.pebble-sdk/SDKs/4.9.148/toolchain/arm-none-eabi/bin/../lib/gcc/arm-none-eabi/14.2.1/../../../../arm-none-eabi/lib/thumb/v7-m/nofp/libc.a(libc_a-fclose.o)
 .data          0x00001018        0x0 /home/jessica/.pebble-sdk/SDKs/4.9.148/toolchain/arm-none-eabi/bin/../lib/gcc/arm-none-eabi/14.2.1/../../../../arm-none-eabi/lib/thumb/v7-m/nofp/libc.a(libc_a-fflush.o)
 .data          0x00001018        0x0 /home/jessica/.pebble-sdk/SDKs/4.9.148/toolchain/arm-none-eabi/bin/../lib/gcc/arm-none-eabi/14.2.1/../../../../arm-none-eabi/lib/thumb/v7-m/nofp/libc.a(libc_a-sbrkr.o)
 .data          0x00001018        0x0 /home/jessica/.pebble-sdk/SDKs/4.9.148/toolchain/arm-none-eabi/bin/../lib/gcc/arm-none-eabi/14.2.1/../../../../arm-none-eabi/lib/thumb/v7-m/nofp/libc.a(libc_a-sysconf.o)
 .data          0x00001018        0x0 /home/jessica/.pebble-sdk/SDKs/4.9.148/toolchain/arm-none-eabi/bin/../lib/gcc/arm-none-eabi/14.2.1/../../../../arm-none-eabi/lib/thumb/v7-m/nofp/libc.a(libc_a-errno.o)
 .data          0x00001018        0x0 /home/jessica/.pebble-sdk/SDKs/4.9.148/toolchain/arm-none-eabi/bin/../lib/gcc/arm-none-eabi/14.2.1/thumb/v7-m/nofp/crtend.o
 .data          0x00001018        0x0 /home/jessica/.pebble-sdk/SDKs/4.9.148/toolchain/arm-none-eabi/bin/../lib/gcc/arm-none-eabi/14.2.1/thumb/v7-m/nofp/crtn.o
 *(.data.*)
 .data.rel.ro.local.HOUR_HAND_POINTS
                0x00001018        0x8 src/c/customAnalogInC.c.17.o
 .data.__compound_literal.13
                0x00001020        0xc src/c/customAnalogInC.c.17.o
 .data.rel.ro.local.MINUTE_HAND_POINTS
                0x0000102c        0x8 src/c/customAnalogInC.c.17.o
 .data.__compound_literal.12
                0x00001034        0xc src/c/customAnalogInC.c.17.o
 .data.rel.ro.local.DATE_BOX_POINTS
                0x00001040        0x8 src/c/customAnalogInC.c.17.o
 .data.__compound_literal.11
                0x00001048       0x10 src/c/customAnalogInC.c.17.o
 .data.rel.ro.local.ANALOG_BG_POINTS
                0x00001058       0x58 src/c/customAnalogInC.c.17.o
 .data.__compound_literal.10
                0x000010b0       0x10 src/c/customAnalogInC.c.17.o
 .data.__compound_literal.9
                0x000010c0       0x10 src/c/customAnalogInC.c.17.o
 .data.__compound_literal.8
                0x000010d0       0x10 src/c/customAnalogInC.c.17.o
 .data.__compound_literal.7
                0x000010e0       0x10 src/c/customAnalogInC.c.17.o
 .data.__compound_literal.6
                0x000010f0       0x10 src/c/customAnalogInC.c.17.o
 .data.__compound_literal.5
                0x00001100       0x10 src/c/customAnalogInC.c.17.o
 .data.__compound_literal.4
                0x00001110       0x10 src/c/customAnalogInC.c.17.o
 .data.__compound_literal.3
                0x00001120       0x10 src/c/customAnalogInC.c.17.o
 .data.__compound_literal.2
                0x00001130       0x10 src/c/customAnalogInC.c.17.o
 .data.__compound_literal.1
                0x00001140       0x10 src/c/customAnalogInC.c.17.o
 .data.__compound_literal.0
                0x00001150       0x10 src/c/customAnalogInC.c.17.o

.igot.plt       0x00001160        0x0
 .igot.plt      0x00001160        0x0 src/c/customAnalogInC.c.17.o

.bss            0x00001160       0xd8
 *(.bss)
 *(.bss.*)
 .bss.s_adjusted_hour_hand_points
                0x00001160        0x8 src/c/customAnalogInC.c.17.o
 .bss.s_adjusted_minute_hand_points
                0x00001168        0x8 src/c/customAnalogInC.c.17.o
 .bss.s_adjusted_date_box_points
                0x00001170        0x8 src/c/customAnalogInC.c.17.o
 .bss.s_adjusted_bg_points
                0x00001178       0x58 src/c/customAnalogInC.c.17.o
 .bss.s_battery_color
                0x000011d0        0x1 src/c/customAnalogInC.c.17.o
 *fill*         0x000011d1        0x3 
 .bss.s_battery_level
                0x000011d4        0x4 src/c/customAnalogInC.c.17.o
 .bss.s_day_buffer
                0x000011d8        0x6 src/c/customAnalogInC.c.17.o
 .bss.s_num_buffer
                0x000011de        0x4 src/c/customAnalogInC.c.17.o
 *fill*         0x000011e2        0x2 
 .bss.s_date_box
                0x000011e4        0x4 src/c/customAnalogInC.c.17.o
 .bss.s_hour_arrow
                0x000011e8        0x4 src/c/customAnalogInC.c.17.o
 .bss.s_minute_arrow
                0x000011ec        0x4 src/c/customAnalogInC.c.17.o
 .bss.s_tick_paths
                0x000011f0       0x2c src/c/customAnalogInC.c.17.o
 .bss.s_num_label
                0x0000121c        0x4 src/c/customAnalogInC.c.17.o
 .bss.s_day_label
                0x00001220        0x4 src/c/customAnalogInC.c.17.o
 .bss.s_battery_layer
                0x00001224        0x4 src/c/customAnalogInC.c.17.o
 .bss.s_hands_layer
                0x00001228        0x4 src/c/customAnalogInC.c.17.o
 .bss.s_date_layer
                0x0000122c        0x4 src/c/customAnalogInC.c.17.o
 .bss.s_simple_bg_layer
                0x00001230        0x4 src/c/customAnalogInC.c.17.o
 .bss.window    0x00001234        0x4 src/c/customAnalogInC.c.17.o

DISCARD
 libc.a(*)
 libm.a(*)
 libgcc.a(*)
 *(.eh_frame)
OUTPUT(/home/jessica/PebbleProjects/customAnalogInC/build/basalt/pebble-app.elf elf32-littlearm)
LOAD linker stubs
LOAD /home/jessica/.pebble-sdk/SDKs/4.9.148/toolchain/arm-none-eabi/bin/../lib/gcc/arm-none-eabi/14.2.1/../../../../arm-none-eabi/lib/thumb/v7-m/nofp/libc.a
LOAD /home/jessica/.pebble-sdk/SDKs/4.9.148/toolchain/arm-none-eabi/bin/../lib/gcc/arm-none-eabi/14.2.1/../../../../arm-none-eabi/lib/thumb/v7-m/nofp/libm.a
LOAD /home/jessica/.pebble-sdk/SDKs/4.9.148/toolchain/arm-none-eabi/bin/../lib/gcc/arm-none-eabi/14.2.1/thumb/v7-m/nofp/libgcc.a

.ARM.attributes
                0x00000000       0x29
 .ARM.attributes
                0x00000000       0x1d /home/jessica/.pebble-sdk/SDKs/4.9.148/toolchain/arm-none-eabi/bin/../lib/gcc/arm-none-eabi/14.2.1/thumb/v7-m/nofp/crti.o
 .ARM.attributes
                0x0000001d       0x2d /home/jessica/.pebble-sdk/SDKs/4.9.148/toolchain/arm-none-eabi/bin/../lib/gcc/arm-none-eabi/14.2.1/thumb/v7-m/nofp/crtbegin.o
 .ARM.attributes
                0x0000004a       0x1b /home/jessica/.pebble-sdk/SDKs/4.9.148/toolchain/arm-none-eabi/bin/../lib/gcc/arm-none-eabi/14.2.1/../../../../arm-none-eabi/lib/thumb/v7-m/nofp/crt0.o
 .ARM.attributes
                0x00000065       0x2d src/c/customAnalogInC.c.17.o
 .ARM.attributes
                0x00000092       0x2d basalt/appinfo.auto.c.17.o
 .ARM.attributes
                0x000000bf       0x2d basalt/src/resource_ids.auto.c.17.o
 .ARM.attributes
                0x000000ec       0x2d src/message_keys.auto.c.17.o
 .ARM.attributes
                0x00000119       0x21 /home/jessica/.pebble-sdk/SDKs/current/sdk-core/pebble/basalt/lib/libpebble.a(tmpFRPTsFpebble.o)
 .ARM.attributes
                0x0000013a       0x1d /home/jessica/.pebble-sdk/SDKs/4.9.148/toolchain/arm-none-eabi/bin/../lib/gcc/arm-none-eabi/14.2.1/thumb/v7-m/nofp/libgcc.a(_arm_mulsf3.o)
 .ARM.attributes
                0x00000157       0x1d /home/jessica/.pebble-sdk/SDKs/4.9.148/toolchain/arm-none-eabi/bin/../lib/gcc/arm-none-eabi/14.2.1/thumb/v7-m/nofp/libgcc.a(_arm_addsubsf3.o)
 .ARM.attributes
                0x00000174       0x1d /home/jessica/.pebble-sdk/SDKs/4.9.148/toolchain/arm-none-eabi/bin/../lib/gcc/arm-none-eabi/14.2.1/thumb/v7-m/nofp/libgcc.a(_arm_muldivsf3.o)
 .ARM.attributes
                0x00000191       0x1d /home/jessica/.pebble-sdk/SDKs/4.9.148/toolchain/arm-none-eabi/bin/../lib/gcc/arm-none-eabi/14.2.1/thumb/v7-m/nofp/libgcc.a(_arm_fixsfsi.o)
 .ARM.attributes
                0x000001ae       0x2d /home/jessica/.pebble-sdk/SDKs/4.9.148/toolchain/arm-none-eabi/bin/../lib/gcc/arm-none-eabi/14.2.1/../../../../arm-none-eabi/lib/thumb/v7-m/nofp/libc.a(libc_a-atexit.o)
 .ARM.attributes
                0x000001db       0x2d /home/jessica/.pebble-sdk/SDKs/4.9.148/toolchain/arm-none-eabi/bin/../lib/gcc/arm-none-eabi/14.2.1/../../../../arm-none-eabi/lib/thumb/v7-m/nofp/libc.a(libc_a-exit.o)
 .ARM.attributes
                0x00000208       0x2d /home/jessica/.pebble-sdk/SDKs/4.9.148/toolchain/arm-none-eabi/bin/../lib/gcc/arm-none-eabi/14.2.1/../../../../arm-none-eabi/lib/thumb/v7-m/nofp/libc.a(libc_a-findfp.o)
 .ARM.attributes
                0x00000235       0x2d /home/jessica/.pebble-sdk/SDKs/4.9.148/toolchain/arm-none-eabi/bin/../lib/gcc/arm-none-eabi/14.2.1/../../../../arm-none-eabi/lib/thumb/v7-m/nofp/libc.a(libc_a-fwalk.o)
 .ARM.attributes
                0x00000262       0x2d /home/jessica/.pebble-sdk/SDKs/4.9.148/toolchain/arm-none-eabi/bin/../lib/gcc/arm-none-eabi/14.2.1/../../../../arm-none-eabi/lib/thumb/v7-m/nofp/libc.a(libc_a-stdio.o)
 .ARM.attributes
                0x0000028f       0x2d /home/jessica/.pebble-sdk/SDKs/4.9.148/toolchain/arm-none-eabi/bin/../lib/gcc/arm-none-eabi/14.2.1/../../../../arm-none-eabi/lib/thumb/v7-m/nofp/libc.a(libc_a-closer.o)
 .ARM.attributes
                0x000002bc       0x2d /home/jessica/.pebble-sdk/SDKs/4.9.148/toolchain/arm-none-eabi/bin/../lib/gcc/arm-none-eabi/14.2.1/../../../../arm-none-eabi/lib/thumb/v7-m/nofp/libc.a(libc_a-reent.o)
 .ARM.attributes
                0x000002e9       0x2d /home/jessica/.pebble-sdk/SDKs/4.9.148/toolchain/arm-none-eabi/bin/../lib/gcc/arm-none-eabi/14.2.1/../../../../arm-none-eabi/lib/thumb/v7-m/nofp/libc.a(libc_a-impure.o)
 .ARM.attributes
                0x00000316       0x2d /home/jessica/.pebble-sdk/SDKs/4.9.148/toolchain/arm-none-eabi/bin/../lib/gcc/arm-none-eabi/14.2.1/../../../../arm-none-eabi/lib/thumb/v7-m/nofp/libc.a(libc_a-lseekr.o)
 .ARM.attributes
                0x00000343       0x2d /home/jessica/.pebble-sdk/SDKs/4.9.148/toolchain/arm-none-eabi/bin/../lib/gcc/arm-none-eabi/14.2.1/../../../../arm-none-eabi/lib/thumb/v7-m/nofp/libc.a(libc_a-readr.o)
 .ARM.attributes
                0x00000370       0x2d /home/jessica/.pebble-sdk/SDKs/4.9.148/toolchain/arm-none-eabi/bin/../lib/gcc/arm-none-eabi/14.2.1/../../../../arm-none-eabi/lib/thumb/v7-m/nofp/libc.a(libc_a-writer.o)
 .ARM.attributes
                0x0000039d       0x2d /home/jessica/.pebble-sdk/SDKs/4.9.148/toolchain/arm-none-eabi/bin/../lib/gcc/arm-none-eabi/14.2.1/../../../../arm-none-eabi/lib/thumb/v7-m/nofp/libc.a(libc_a-init.o)
 .ARM.attributes
                0x000003ca       0x2d /home/jessica/.pebble-sdk/SDKs/4.9.148/toolchain/arm-none-eabi/bin/../lib/gcc/arm-none-eabi/14.2.1/../../../../arm-none-eabi/lib/thumb/v7-m/nofp/libc.a(libc_a-fini.o)
 .ARM.attributes
                0x000003f7       0x2d /home/jessica/.pebble-sdk/SDKs/4.9.148/toolchain/arm-none-eabi/bin/../lib/gcc/arm-none-eabi/14.2.1/../../../../arm-none-eabi/lib/thumb/v7-m/nofp/libc.a(libc_a-lock.o)
 .ARM.attributes
                0x00000424       0x2d /home/jessica/.pebble-sdk/SDKs/4.9.148/toolchain/arm-none-eabi/bin/../lib/gcc/arm-none-eabi/14.2.1/../../../../arm-none-eabi/lib/thumb/v7-m/nofp/libc.a(libc_a-__atexit.o)
 .ARM.attributes
                0x00000451       0x2d /home/jessica/.pebble-sdk/SDKs/4.9.148/toolchain/arm-none-eabi/bin/../lib/gcc/arm-none-eabi/14.2.1/../../../../arm-none-eabi/lib/thumb/v7-m/nofp/libc.a(libc_a-__call_atexit.o)
 .ARM.attributes
                0x0000047e       0x2d /home/jessica/.pebble-sdk/SDKs/4.9.148/toolchain/arm-none-eabi/bin/../lib/gcc/arm-none-eabi/14.2.1/../../../../arm-none-eabi/lib/thumb/v7-m/nofp/libc.a(libc_a-freer.o)
 .ARM.attributes
                0x000004ab       0x2d /home/jessica/.pebble-sdk/SDKs/4.9.148/toolchain/arm-none-eabi/bin/../lib/gcc/arm-none-eabi/14.2.1/../../../../arm-none-eabi/lib/thumb/v7-m/nofp/libc.a(libc_a-mallocr.o)
 .ARM.attributes
                0x000004d8       0x2d /home/jessica/.pebble-sdk/SDKs/4.9.148/toolchain/arm-none-eabi/bin/../lib/gcc/arm-none-eabi/14.2.1/../../../../arm-none-eabi/lib/thumb/v7-m/nofp/libc.a(libc_a-mlock.o)
 .ARM.attributes
                0x00000505       0x2d /home/jessica/.pebble-sdk/SDKs/4.9.148/toolchain/arm-none-eabi/bin/../lib/gcc/arm-none-eabi/14.2.1/../../../../arm-none-eabi/lib/thumb/v7-m/nofp/libc.a(libc_a-fclose.o)
 .ARM.attributes
                0x00000532       0x2d /home/jessica/.pebble-sdk/SDKs/4.9.148/toolchain/arm-none-eabi/bin/../lib/gcc/arm-none-eabi/14.2.1/../../../../arm-none-eabi/lib/thumb/v7-m/nofp/libc.a(libc_a-fflush.o)
 .ARM.attributes
                0x0000055f       0x2d /home/jessica/.pebble-sdk/SDKs/4.9.148/toolchain/arm-none-eabi/bin/../lib/gcc/arm-none-eabi/14.2.1/../../../../arm-none-eabi/lib/thumb/v7-m/nofp/libc.a(libc_a-sbrkr.o)
 .ARM.attributes
                0x0000058c       0x2d /home/jessica/.pebble-sdk/SDKs/4.9.148/toolchain/arm-none-eabi/bin/../lib/gcc/arm-none-eabi/14.2.1/../../../../arm-none-eabi/lib/thumb/v7-m/nofp/libc.a(libc_a-sysconf.o)
 .ARM.attributes
                0x000005b9       0x2d /home/jessica/.pebble-sdk/SDKs/4.9.148/toolchain/arm-none-eabi/bin/../lib/gcc/arm-none-eabi/14.2.1/../../../../arm-none-eabi/lib/thumb/v7-m/nofp/libc.a(libc_a-errno.o)
 .ARM.attributes
                0x000005e6       0x2d /home/jessica/.pebble-sdk/SDKs/4.9.148/toolchain/arm-none-eabi/bin/../lib/gcc/arm-none-eabi/14.2.1/thumb/v7-m/nofp/crtend.o
 .ARM.attributes
                0x00000613       0x1d /home/jessica/.pebble-sdk/SDKs/4.9.148/toolchain/arm-none-eabi/bin/../lib/gcc/arm-none-eabi/14.2.1/thumb/v7-m/nofp/crtn.o

.comment        0x00000000       0x39
 .comment       0x00000000       0x39 /home/jessica/.pebble-sdk/SDKs/4.9.148/toolchain/arm-none-eabi/bin/../lib/gcc/arm-none-eabi/14.2.1/thumb/v7-m/nofp/crtbegin.o
                                 0x3a (size before relaxing)
 .comment       0x00000039       0x3a src/c/customAnalogInC.c.17.o
 .comment       0x00000039       0x3a basalt/appinfo.auto.c.17.o
 .comment       0x00000039       0x3a basalt/src/resource_ids.auto.c.17.o
 .comment       0x00000039       0x3a src/message_keys.auto.c.17.o
 .comment       0x00000039       0x3a /home/jessica/.pebble-sdk/SDKs/4.9.148/toolchain/arm-none-eabi/bin/../lib/gcc/arm-none-eabi/14.2.1/../../../../arm-none-eabi/lib/thumb/v7-m/nofp/libc.a(libc_a-atexit.o)
 .comment       0x00000039       0x3a /home/jessica/.pebble-sdk/SDKs/4.9.148/toolchain/arm-none-eabi/bin/../lib/gcc/arm-none-eabi/14.2.1/../../../../arm-none-eabi/lib/thumb/v7-m/nofp/libc.a(libc_a-exit.o)
 .comment       0x00000039       0x3a /home/jessica/.pebble-sdk/SDKs/4.9.148/toolchain/arm-none-eabi/bin/../lib/gcc/arm-none-eabi/14.2.1/../../../../arm-none-eabi/lib/thumb/v7-m/nofp/libc.a(libc_a-findfp.o)
 .comment       0x00000039       0x3a /home/jessica/.pebble-sdk/SDKs/4.9.148/toolchain/arm-none-eabi/bin/../lib/gcc/arm-none-eabi/14.2.1/../../../../arm-none-eabi/lib/thumb/v7-m/nofp/libc.a(libc_a-fwalk.o)
 .comment       0x00000039       0x3a /home/jessica/.pebble-sdk/SDKs/4.9.148/toolchain/arm-none-eabi/bin/../lib/gcc/arm-none-eabi/14.2.1/../../../../arm-none-eabi/lib/thumb/v7-m/nofp/libc.a(libc_a-stdio.o)
 .comment       0x00000039       0x3a /home/jessica/.pebble-sdk/SDKs/4.9.148/toolchain/arm-none-eabi/bin/../lib/gcc/arm-none-eabi/14.2.1/../../../../arm-none-eabi/lib/thumb/v7-m/nofp/libc.a(libc_a-closer.o)
 .comment       0x00000039       0x3a /home/jessica/.pebble-sdk/SDKs/4.9.148/toolchain/arm-none-eabi/bin/../lib/gcc/arm-none-eabi/14.2.1/../../../../arm-none-eabi/lib/thumb/v7-m/nofp/libc.a(libc_a-reent.o)
 .comment       0x00000039       0x3a /home/jessica/.pebble-sdk/SDKs/4.9.148/toolchain/arm-none-eabi/bin/../lib/gcc/arm-none-eabi/14.2.1/../../../../arm-none-eabi/lib/thumb/v7-m/nofp/libc.a(libc_a-impure.o)
 .comment       0x00000039       0x3a /home/jessica/.pebble-sdk/SDKs/4.9.148/toolchain/arm-none-eabi/bin/../lib/gcc/arm-none-eabi/14.2.1/../../../../arm-none-eabi/lib/thumb/v7-m/nofp/libc.a(libc_a-lseekr.o)
 .comment       0x00000039       0x3a /home/jessica/.pebble-sdk/SDKs/4.9.148/toolchain/arm-none-eabi/bin/../lib/gcc/arm-none-eabi/14.2.1/../../../../arm-none-eabi/lib/thumb/v7-m/nofp/libc.a(libc_a-readr.o)
 .comment       0x00000039       0x3a /home/jessica/.pebble-sdk/SDKs/4.9.148/toolchain/arm-none-eabi/bin/../lib/gcc/arm-none-eabi/14.2.1/../../../../arm-none-eabi/lib/thumb/v7-m/nofp/libc.a(libc_a-writer.o)
 .comment       0x00000039       0x3a /home/jessica/.pebble-sdk/SDKs/4.9.148/toolchain/arm-none-eabi/bin/../lib/gcc/arm-none-eabi/14.2.1/../../../../arm-none-eabi/lib/thumb/v7-m/nofp/libc.a(libc_a-init.o)
 .comment       0x00000039       0x3a /home/jessica/.pebble-sdk/SDKs/4.9.148/toolchain/arm-none-eabi/bin/../lib/gcc/arm-none-eabi/14.2.1/../../../../arm-none-eabi/lib/thumb/v7-m/nofp/libc.a(libc_a-fini.o)
 .comment       0x00000039       0x3a /home/jessica/.pebble-sdk/SDKs/4.9.148/toolchain/arm-none-eabi/bin/../lib/gcc/arm-none-eabi/14.2.1/../../../../arm-none-eabi/lib/thumb/v7-m/nofp/libc.a(libc_a-lock.o)
 .comment       0x00000039       0x3a /home/jessica/.pebble-sdk/SDKs/4.9.148/toolchain/arm-none-eabi/bin/../lib/gcc/arm-none-eabi/14.2.1/../../../../arm-none-eabi/lib/thumb/v7-m/nofp/libc.a(libc_a-__atexit.o)
 .comment       0x00000039       0x3a /home/jessica/.pebble-sdk/SDKs/4.9.148/toolchain/arm-none-eabi/bin/../lib/gcc/arm-none-eabi/14.2.1/../../../../arm-none-eabi/lib/thumb/v7-m/nofp/libc.a(libc_a-__call_atexit.o)
 .comment       0x00000039       0x3a /home/jessica/.pebble-sdk/SDKs/4.9.148/toolchain/arm-none-eabi/bin/../lib/gcc/arm-none-eabi/14.2.1/../../../../arm-none-eabi/lib/thumb/v7-m/nofp/libc.a(libc_a-freer.o)
 .comment       0x00000039       0x3a /home/jessica/.pebble-sdk/SDKs/4.9.148/toolchain/arm-none-eabi/bin/../lib/gcc/arm-none-eabi/14.2.1/../../../../arm-none-eabi/lib/thumb/v7-m/nofp/libc.a(libc_a-mallocr.o)
 .comment       0x00000039       0x3a /home/jessica/.pebble-sdk/SDKs/4.9.148/toolchain/arm-none-eabi/bin/../lib/gcc/arm-none-eabi/14.2.1/../../../../arm-none-eabi/lib/thumb/v7-m/nofp/libc.a(libc_a-mlock.o)
 .comment       0x00000039       0x3a /home/jessica/.pebble-sdk/SDKs/4.9.148/toolchain/arm-none-eabi/bin/../lib/gcc/arm-none-eabi/14.2.1/../../../../arm-none-eabi/lib/thumb/v7-m/nofp/libc.a(libc_a-fclose.o)
 .comment       0x00000039       0x3a /home/jessica/.pebble-sdk/SDKs/4.9.148/toolchain/arm-none-eabi/bin/../lib/gcc/arm-none-eabi/14.2.1/../../../../arm-none-eabi/lib/thumb/v7-m/nofp/libc.a(libc_a-fflush.o)
 .comment       0x00000039       0x3a /home/jessica/.pebble-sdk/SDKs/4.9.148/toolchain/arm-none-eabi/bin/../lib/gcc/arm-none-eabi/14.2.1/../../../../arm-none-eabi/lib/thumb/v7-m/nofp/libc.a(libc_a-sbrkr.o)
 .comment       0x00000039       0x3a /home/jessica/.pebble-sdk/SDKs/4.9.148/toolchain/arm-none-eabi/bin/../lib/gcc/arm-none-eabi/14.2.1/../../../../arm-none-eabi/lib/thumb/v7-m/nofp/libc.a(libc_a-sysconf.o)
 .comment       0x00000039       0x3a /home/jessica/.pebble-sdk/SDKs/4.9.148/toolchain/arm-none-eabi/bin/../lib/gcc/arm-none-eabi/14.2.1/../../../../arm-none-eabi/lib/thumb/v7-m/nofp/libc.a(libc_a-errno.o)
 .comment       0x00000039       0x3a /home/jessica/.pebble-sdk/SDKs/4.9.148/toolchain/arm-none-eabi/bin/../lib/gcc/arm-none-eabi/14.2.1/thumb/v7-m/nofp/crtend.o

.debug_info     0x00000000     0x1d5b
 .debug_info    0x00000000     0x1929 src/c/customAnalogInC.c.17.o
 .debug_info    0x00001929      0x33e basalt/appinfo.auto.c.17.o
 .debug_info    0x00001c67       0x65 basalt/src/resource_ids.auto.c.17.o
 .debug_info    0x00001ccc       0x8f src/message_keys.auto.c.17.o

.debug_abbrev   0x00000000      0x4bf
 .debug_abbrev  0x00000000      0x398 src/c/customAnalogInC.c.17.o
 .debug_abbrev  0x00000398       0xb9 basalt/appinfo.auto.c.17.o
 .debug_abbrev  0x00000451       0x26 basalt/src/resource_ids.auto.c.17.o
 .debug_abbrev  0x00000477       0x48 src/message_keys.auto.c.17.o

.debug_loclists
                0x00000000      0x56c
 .debug_loclists
                0x00000000      0x56c src/c/customAnalogInC.c.17.o

.debug_aranges  0x00000000       0xb0
 .debug_aranges
                0x00000000       0x68 src/c/customAnalogInC.c.17.o
 .debug_aranges
                0x00000068       0x18 basalt/appinfo.auto.c.17.o
 .debug_aranges
                0x00000080       0x18 basalt/src/resource_ids.auto.c.17.o
 .debug_aranges
                0x00000098       0x18 src/message_keys.auto.c.17.o

.debug_rnglists
                0x00000000       0x82
 .debug_rnglists
                0x00000000       0x82 src/c/customAnalogInC.c.17.o

.debug_line     0x00000000      0xb90
 .debug_line    0x00000000      0x8db src/c/customAnalogInC.c.17.o
 .debug_line    0x000008db      0x167 basalt/appinfo.auto.c.17.o
 .debug_line    0x00000a42       0x3f basalt/src/resource_ids.auto.c.17.o
 .debug_line    0x00000a81      0x10f src/message_keys.auto.c.17.o

.debug_str      0x00000000      0xe55
 .debug_str     0x00000000      0xe55 src/c/customAnalogInC.c.17.o
                                0xb81 (size before relaxing)
 .debug_str     0x00000e55      0x4d5 basalt/appinfo.auto.c.17.o
 .debug_str     0x00000e55      0x169 basalt/src/resource_ids.auto.c.17.o
 .debug_str     0x00000e55      0x188 src/message_keys.auto.c.17.o

.debug_frame    0x00000000      0x178
 .debug_frame   0x00000000      0x178 src/c/customAnalogInC.c.17.o
